// Jest Snapshot v1, https://goo.gl/fbAQLP

exports[`ContentWrapper should render without throwing an error 1`] = `
<div
  className="sc-bdfBwQ gTLSEq"
/>
`;
